com.benjacksondev.springbootcodegen.GeneratorSnapshotTests.generateControllerTest=[
package com.example.animals;

import java.util.List;
import org.springframework.beans.factory.annotation.Autowired;
import org.springframework.stereotype.Controller;
import org.springframework.ui.Model;
import org.springframework.validation.BindingResult;
import org.springframework.web.bind.annotation.GetMapping;
import org.springframework.web.bind.annotation.PostMapping;
import org.springframework.web.bind.annotation.RequestMapping;
import org.springframework.web.bind.annotation.RequestParam;
import jakarta.validation.Valid;

@Controller
@RequestMapping("/gorilla")
public class GorillaController {

    @Autowired
    GorillaService gorilla;

    @GetMapping("")
    public String showAll(@RequestParam(required = false) String message, Model model) {
        List<Gorilla> gorillas = gorilla.getGorillas();
        model.addAttribute("gorillas", gorillas);

        return "gorilla/index";
    }

    @PostMapping("/create")
    public String create(@Valid Gorilla gorilla, BindingResult result, Model model) {
        if (result.hasErrors()) {
            return "redirect:/gorilla/add";
        }

        gorillaservice.createGorilla(gorilla);
        model.addAttribute("message", "some message");
        return "redirect:/gorilla";
    }
}

]


com.benjacksondev.springbootcodegen.GeneratorSnapshotTests.generateEntityTest=[
package com.example.animals;

import jakarta.persistence.Entity;
import jakarta.persistence.GeneratedValue;
import jakarta.persistence.GenerationType;
import jakarta.persistence.Id;

@Entity
public class Giraffe {

    @Id
    @GeneratedValue(strategy = GenerationType.IDENTITY)
    private Long id;

    public Giraffe() {
    }

    public Long getId() {
        return id;
    }

}

]


com.benjacksondev.springbootcodegen.GeneratorSnapshotTests.generateRepositoryTest=[
package com.example.animals;

import org.springframework.data.repository.CrudRepository;

public interface HippoRepository extends CrudRepository<Hippo, Long> {
}

]


com.benjacksondev.springbootcodegen.GeneratorSnapshotTests.generateServiceTest=[
package com.example.animals;

import java.util.ArrayList;
import java.util.List;
import org.springframework.beans.factory.annotation.Autowired;
import org.springframework.stereotype.Service;

@Service
public class ZebraService {

    @Autowired
    ZebraRepository zebraRepository;

    public Zebra createZebra(Zebra zebra) {
        return zebraRepository.save(zebra);
    }

    public List<Zebra> getZebras() {
        List<Zebra> zebraList = new ArrayList<>();
        zebraRepository.findAll().forEach(zebraList::add);
        return zebraList;
    }
}

]